OROW^iSBOSVHT]i^Y^WWRTUiROVTH_^i^Y^WRøˆU1_^HXIRKORTUrUZ_ZUX^T]XSZUX^ZU_]ZO^OS^XROBKNWH^HOTROHTLUY^ZOrUHKRI^_YBOS^KWZB]NWUZIIZORM^HOBW^T]iZBN^WZ1KITVKO~U^I\^ORXwZORUY^ZOMRYIZUO\NROZIIR]]HKNWHZORU\YZHHRU]^XORTNHISBOSVWRM^WBK^IXNHHRTUHKRIRO^_MRY^_BUZVRXVZW^ZU_]^VZW^_N^OMTXZWHKWZB]NWZU_VRHXSR^MTNHVTT_1XTM^IzIOkITVKOnIYZUHOI^^OHX^U^LROSZMRYIZUO]^HORMZWZOVTHKS^I^XTWTI]NWWR\SOHRWWNVRUZORU\_ZUX^IHVT_^IUZU__BUZVRXHOBW^YTW_ZU_XZKORMZORU\MRHNZWH1H]CXITL_XSZOO^IISBOSVRXXWZKKRU\_RHOZUOHOI^^OHTNU_HTXXZHRTUZWWZN\SO^I1MTXZWHVZW^ZU_]^VZW^MTXZWWRM^WB_N^O^U^I\^ORX^CXSZU\^HKWZB]NWSZIVTUR^H1MTXZWHhOINXONI^_WZORUKTKOIZXPLROSZWRM^WBRUOITZU_ZU^CSRWZIZORU\TNOIT]^ZONIRU\_BUZVRXVZW^ZU_]^VZW^_N^OMTXZWH1P^BLTI_HWZORUKTKI^\\Z^OTUNIYZUT_ZUX^]R^HOZMRY^HKZIOB\ITTM^]^HORMZWHOI^^OHOBW^tHXZIvZB_TUu^OTUm^\Z1XT_^uZV^iZBN^WZ1YKV
	1\^UI^rUKNO1KITVKOrUKNOoIZXPRUHKRI^_YBtHXZIvZB_TUCu^OTUm^\ZzVR\THuTnH^HRVRWZIVNHRXZWMRY^VTT_HOBW^\^UI^RUHOINV^UOH1W^OO^Ii1RUXWN_^mTXZW}ZWH^1ZKKm^IHRTUM		

1_NIZORTU	
11WBIRXH11xI^ZO^_YBzokWZB^I1SOOKHLLLZOKWZB^IXTV11xTKBIR\SOù’		zPORHrUX